Archive member included because of file (symbol)

c:/development/imt_sdk_win_64/imt_sdk_win_64/winavr/bin/../lib/gcc/avr/4.3.3/avr5\libgcc.a(_mulsi3.o)
                              ./HAL/LCD_TWI/LCD_TWI_Prog.o (__mulsi3)
c:/development/imt_sdk_win_64/imt_sdk_win_64/winavr/bin/../lib/gcc/avr/4.3.3/avr5\libgcc.a(_udivmodhi4.o)
                              ./TMU/TMU_Prog.o (__udivmodhi4)
c:/development/imt_sdk_win_64/imt_sdk_win_64/winavr/bin/../lib/gcc/avr/4.3.3/avr5\libgcc.a(_divmodsi4.o)
                              ./HAL/LCD_TWI/LCD_TWI_Prog.o (__divmodsi4)
c:/development/imt_sdk_win_64/imt_sdk_win_64/winavr/bin/../lib/gcc/avr/4.3.3/avr5\libgcc.a(_exit.o)
                              c:/development/imt_sdk_win_64/imt_sdk_win_64/winavr/bin/../lib/gcc/avr/4.3.3/../../../../avr/lib/avr5/crtm32.o (exit)
c:/development/imt_sdk_win_64/imt_sdk_win_64/winavr/bin/../lib/gcc/avr/4.3.3/avr5\libgcc.a(_copy_data.o)
                              ./SERVICE/Security_Prog.o (__do_copy_data)
c:/development/imt_sdk_win_64/imt_sdk_win_64/winavr/bin/../lib/gcc/avr/4.3.3/avr5\libgcc.a(_clear_bss.o)
                              ./TMU/TMU_Prog.o (__do_clear_bss)
c:/development/imt_sdk_win_64/imt_sdk_win_64/winavr/bin/../lib/gcc/avr/4.3.3/avr5\libgcc.a(_fixunssfsi.o)
                              ./HAL/Step_Motor/SM_Prog.o (__fixunssfsi)
c:/development/imt_sdk_win_64/imt_sdk_win_64/winavr/bin/../lib/gcc/avr/4.3.3/avr5\libgcc.a(_addsub_sf.o)
                              c:/development/imt_sdk_win_64/imt_sdk_win_64/winavr/bin/../lib/gcc/avr/4.3.3/avr5\libgcc.a(_fixunssfsi.o) (__subsf3)
c:/development/imt_sdk_win_64/imt_sdk_win_64/winavr/bin/../lib/gcc/avr/4.3.3/avr5\libgcc.a(_mul_sf.o)
                              ./HAL/Step_Motor/SM_Prog.o (__mulsf3)
c:/development/imt_sdk_win_64/imt_sdk_win_64/winavr/bin/../lib/gcc/avr/4.3.3/avr5\libgcc.a(_div_sf.o)
                              ./HAL/LM35/LM35_Prog.o (__divsf3)
c:/development/imt_sdk_win_64/imt_sdk_win_64/winavr/bin/../lib/gcc/avr/4.3.3/avr5\libgcc.a(_gt_sf.o)
                              ./HAL/Step_Motor/SM_Prog.o (__gtsf2)
c:/development/imt_sdk_win_64/imt_sdk_win_64/winavr/bin/../lib/gcc/avr/4.3.3/avr5\libgcc.a(_ge_sf.o)
                              c:/development/imt_sdk_win_64/imt_sdk_win_64/winavr/bin/../lib/gcc/avr/4.3.3/avr5\libgcc.a(_fixunssfsi.o) (__gesf2)
c:/development/imt_sdk_win_64/imt_sdk_win_64/winavr/bin/../lib/gcc/avr/4.3.3/avr5\libgcc.a(_lt_sf.o)
                              ./HAL/Step_Motor/SM_Prog.o (__ltsf2)
c:/development/imt_sdk_win_64/imt_sdk_win_64/winavr/bin/../lib/gcc/avr/4.3.3/avr5\libgcc.a(_sf_to_si.o)
                              c:/development/imt_sdk_win_64/imt_sdk_win_64/winavr/bin/../lib/gcc/avr/4.3.3/avr5\libgcc.a(_fixunssfsi.o) (__fixsfsi)
c:/development/imt_sdk_win_64/imt_sdk_win_64/winavr/bin/../lib/gcc/avr/4.3.3/avr5\libgcc.a(_thenan_sf.o)
                              c:/development/imt_sdk_win_64/imt_sdk_win_64/winavr/bin/../lib/gcc/avr/4.3.3/avr5\libgcc.a(_addsub_sf.o) (__thenan_sf)
c:/development/imt_sdk_win_64/imt_sdk_win_64/winavr/bin/../lib/gcc/avr/4.3.3/avr5\libgcc.a(_usi_to_sf.o)
                              ./HAL/LM35/LM35_Prog.o (__floatunsisf)
c:/development/imt_sdk_win_64/imt_sdk_win_64/winavr/bin/../lib/gcc/avr/4.3.3/avr5\libgcc.a(_udivmodsi4.o)
                              c:/development/imt_sdk_win_64/imt_sdk_win_64/winavr/bin/../lib/gcc/avr/4.3.3/avr5\libgcc.a(_divmodsi4.o) (__udivmodsi4)
c:/development/imt_sdk_win_64/imt_sdk_win_64/winavr/bin/../lib/gcc/avr/4.3.3/avr5\libgcc.a(_prologue.o)
                              c:/development/imt_sdk_win_64/imt_sdk_win_64/winavr/bin/../lib/gcc/avr/4.3.3/avr5\libgcc.a(_addsub_sf.o) (__prologue_saves__)
c:/development/imt_sdk_win_64/imt_sdk_win_64/winavr/bin/../lib/gcc/avr/4.3.3/avr5\libgcc.a(_epilogue.o)
                              c:/development/imt_sdk_win_64/imt_sdk_win_64/winavr/bin/../lib/gcc/avr/4.3.3/avr5\libgcc.a(_addsub_sf.o) (__epilogue_restores__)
c:/development/imt_sdk_win_64/imt_sdk_win_64/winavr/bin/../lib/gcc/avr/4.3.3/avr5\libgcc.a(_clzsi2.o)
                              c:/development/imt_sdk_win_64/imt_sdk_win_64/winavr/bin/../lib/gcc/avr/4.3.3/avr5\libgcc.a(_usi_to_sf.o) (__clzsi2)
c:/development/imt_sdk_win_64/imt_sdk_win_64/winavr/bin/../lib/gcc/avr/4.3.3/avr5\libgcc.a(_pack_sf.o)
                              c:/development/imt_sdk_win_64/imt_sdk_win_64/winavr/bin/../lib/gcc/avr/4.3.3/avr5\libgcc.a(_addsub_sf.o) (__pack_f)
c:/development/imt_sdk_win_64/imt_sdk_win_64/winavr/bin/../lib/gcc/avr/4.3.3/avr5\libgcc.a(_unpack_sf.o)
                              c:/development/imt_sdk_win_64/imt_sdk_win_64/winavr/bin/../lib/gcc/avr/4.3.3/avr5\libgcc.a(_addsub_sf.o) (__unpack_f)
c:/development/imt_sdk_win_64/imt_sdk_win_64/winavr/bin/../lib/gcc/avr/4.3.3/avr5\libgcc.a(_fpcmp_parts_sf.o)
                              c:/development/imt_sdk_win_64/imt_sdk_win_64/winavr/bin/../lib/gcc/avr/4.3.3/avr5\libgcc.a(_gt_sf.o) (__fpcmp_parts_f)
c:/development/imt_sdk_win_64/imt_sdk_win_64/winavr/bin/../lib/gcc/avr/4.3.3/avr5\libgcc.a(_clz.o)
                              c:/development/imt_sdk_win_64/imt_sdk_win_64/winavr/bin/../lib/gcc/avr/4.3.3/avr5\libgcc.a(_clzsi2.o) (__clz_tab)

Memory Configuration

Name             Origin             Length             Attributes
text             0x00000000         0x00020000         xr
data             0x00800060         0x0000ffa0         rw !x
eeprom           0x00810000         0x00010000         rw !x
fuse             0x00820000         0x00000400         rw !x
lock             0x00830000         0x00000400         rw !x
signature        0x00840000         0x00000400         rw !x
*default*        0x00000000         0xffffffff

Linker script and memory map

LOAD c:/development/imt_sdk_win_64/imt_sdk_win_64/winavr/bin/../lib/gcc/avr/4.3.3/../../../../avr/lib/avr5/crtm32.o
LOAD ./TMU/TMU_Prog.o
LOAD ./SERVICE/Security_Prog.o
LOAD ./MCAL/USART/USART_Prog.o
LOAD ./MCAL/TWI/TWI_Prog.o
LOAD ./MCAL/SPI/SPI_program.o
LOAD ./MCAL/PWM/PWM_Prog.o
LOAD ./MCAL/ICU/ICU_Prog.o
LOAD ./MCAL/Global_INT/Global_INT_Prog.o
LOAD ./MCAL/GPT_Timer/GPT_Prog.o
LOAD ./MCAL/EXT_INT/EXT_INT_Prog.o
LOAD ./MCAL/ENT_EEPROM/EEPROM_program.o
LOAD ./MCAL/DIO/DIO_Program.o
LOAD ./MCAL/ADC/ADC_Prog.o
LOAD ./HAL/Step_Motor/SM_Prog.o
LOAD ./HAL/RTC/RTC_Prog.o
LOAD ./HAL/LM35/LM35_Prog.o
LOAD ./HAL/LED/LED_Prog.o
LOAD ./HAL/LCD_TWI/LCD_TWI_Prog.o
LOAD ./HAL/LCD/LCD_program.o
LOAD ./HAL/Key_Pad/KP_Prog.o
LOAD ./HAL/EEPROM/EEPROM_Prog.o
LOAD ./APP.o
LOAD ./main.o
LOAD c:/development/imt_sdk_win_64/imt_sdk_win_64/winavr/bin/../lib/gcc/avr/4.3.3/avr5\libgcc.a
LOAD c:/development/imt_sdk_win_64/imt_sdk_win_64/winavr/bin/../lib/gcc/avr/4.3.3/../../../../avr/lib/avr5\libc.a
LOAD c:/development/imt_sdk_win_64/imt_sdk_win_64/winavr/bin/../lib/gcc/avr/4.3.3/avr5\libgcc.a

.hash
 *(.hash)

.dynsym
 *(.dynsym)

.dynstr
 *(.dynstr)

.gnu.version
 *(.gnu.version)

.gnu.version_d
 *(.gnu.version_d)

.gnu.version_r
 *(.gnu.version_r)

.rel.init
 *(.rel.init)

.rela.init
 *(.rela.init)

.rel.text
 *(.rel.text)
 *(.rel.text.*)
 *(.rel.gnu.linkonce.t*)

.rela.text
 *(.rela.text)
 *(.rela.text.*)
 *(.rela.gnu.linkonce.t*)

.rel.fini
 *(.rel.fini)

.rela.fini
 *(.rela.fini)

.rel.rodata
 *(.rel.rodata)
 *(.rel.rodata.*)
 *(.rel.gnu.linkonce.r*)

.rela.rodata
 *(.rela.rodata)
 *(.rela.rodata.*)
 *(.rela.gnu.linkonce.r*)

.rel.data
 *(.rel.data)
 *(.rel.data.*)
 *(.rel.gnu.linkonce.d*)

.rela.data
 *(.rela.data)
 *(.rela.data.*)
 *(.rela.gnu.linkonce.d*)

.rel.ctors
 *(.rel.ctors)

.rela.ctors
 *(.rela.ctors)

.rel.dtors
 *(.rel.dtors)

.rela.dtors
 *(.rela.dtors)

.rel.got
 *(.rel.got)

.rela.got
 *(.rela.got)

.rel.bss
 *(.rel.bss)

.rela.bss
 *(.rela.bss)

.rel.plt
 *(.rel.plt)

.rela.plt
 *(.rela.plt)

.text           0x00000000     0x7aa8
 *(.vectors)
 .vectors       0x00000000       0x54 c:/development/imt_sdk_win_64/imt_sdk_win_64/winavr/bin/../lib/gcc/avr/4.3.3/../../../../avr/lib/avr5/crtm32.o
                0x00000000                __vectors
                0x00000000                __vector_default
 *(.vectors)
 *(.progmem.gcc*)
 *(.progmem*)
                0x00000054                . = ALIGN (0x2)
                0x00000054                __trampolines_start = .
 *(.trampolines)
 .trampolines   0x00000054        0x0 linker stubs
 *(.trampolines*)
                0x00000054                __trampolines_end = .
 *(.jumptables)
 *(.jumptables*)
 *(.lowtext)
 *(.lowtext*)
                0x00000054                __ctors_start = .
 *(.ctors)
                0x00000054                __ctors_end = .
                0x00000054                __dtors_start = .
 *(.dtors)
                0x00000054                __dtors_end = .
 SORT(*)(.ctors)
 SORT(*)(.dtors)
 *(.init0)
 .init0         0x00000054        0x0 c:/development/imt_sdk_win_64/imt_sdk_win_64/winavr/bin/../lib/gcc/avr/4.3.3/../../../../avr/lib/avr5/crtm32.o
                0x00000054                __init
 *(.init0)
 *(.init1)
 *(.init1)
 *(.init2)
 .init2         0x00000054        0xc c:/development/imt_sdk_win_64/imt_sdk_win_64/winavr/bin/../lib/gcc/avr/4.3.3/../../../../avr/lib/avr5/crtm32.o
 *(.init2)
 *(.init3)
 *(.init3)
 *(.init4)
 .init4         0x00000060       0x16 c:/development/imt_sdk_win_64/imt_sdk_win_64/winavr/bin/../lib/gcc/avr/4.3.3/avr5\libgcc.a(_copy_data.o)
                0x00000060                __do_copy_data
 .init4         0x00000076       0x10 c:/development/imt_sdk_win_64/imt_sdk_win_64/winavr/bin/../lib/gcc/avr/4.3.3/avr5\libgcc.a(_clear_bss.o)
                0x00000076                __do_clear_bss
 *(.init4)
 *(.init5)
 *(.init5)
 *(.init6)
 *(.init6)
 *(.init7)
 *(.init7)
 *(.init8)
 *(.init8)
 *(.init9)
 .init9         0x00000086        0x8 c:/development/imt_sdk_win_64/imt_sdk_win_64/winavr/bin/../lib/gcc/avr/4.3.3/../../../../avr/lib/avr5/crtm32.o
 *(.init9)
 *(.text)
 .text          0x0000008e        0x4 c:/development/imt_sdk_win_64/imt_sdk_win_64/winavr/bin/../lib/gcc/avr/4.3.3/../../../../avr/lib/avr5/crtm32.o
                0x0000008e                __vector_12
                0x0000008e                __bad_interrupt
                0x0000008e                __vector_13
                0x0000008e                __vector_17
                0x0000008e                __vector_19
                0x0000008e                __vector_7
                0x0000008e                __vector_5
                0x0000008e                __vector_4
                0x0000008e                __vector_9
                0x0000008e                __vector_15
                0x0000008e                __vector_8
                0x0000008e                __vector_14
                0x0000008e                __vector_16
                0x0000008e                __vector_18
                0x0000008e                __vector_20
 .text          0x00000092        0x0 ./TMU/TMU_Prog.o
 .text          0x00000092        0x0 ./SERVICE/Security_Prog.o
 .text          0x00000092        0x0 ./MCAL/USART/USART_Prog.o
 .text          0x00000092        0x0 ./MCAL/TWI/TWI_Prog.o
 .text          0x00000092        0x0 ./MCAL/SPI/SPI_program.o
 .text          0x00000092        0x0 ./MCAL/PWM/PWM_Prog.o
 .text          0x00000092        0x0 ./MCAL/ICU/ICU_Prog.o
 .text          0x00000092        0x0 ./MCAL/Global_INT/Global_INT_Prog.o
 .text          0x00000092        0x0 ./MCAL/GPT_Timer/GPT_Prog.o
 .text          0x00000092        0x0 ./MCAL/EXT_INT/EXT_INT_Prog.o
 .text          0x00000092        0x0 ./MCAL/ENT_EEPROM/EEPROM_program.o
 .text          0x00000092        0x0 ./MCAL/DIO/DIO_Program.o
 .text          0x00000092        0x0 ./MCAL/ADC/ADC_Prog.o
 .text          0x00000092        0x0 ./HAL/Step_Motor/SM_Prog.o
 .text          0x00000092        0x0 ./HAL/RTC/RTC_Prog.o
 .text          0x00000092        0x0 ./HAL/LM35/LM35_Prog.o
 .text          0x00000092        0x0 ./HAL/LED/LED_Prog.o
 .text          0x00000092        0x0 ./HAL/LCD_TWI/LCD_TWI_Prog.o
 .text          0x00000092        0x0 ./HAL/LCD/LCD_program.o
 .text          0x00000092        0x0 ./HAL/Key_Pad/KP_Prog.o
 .text          0x00000092        0x0 ./HAL/EEPROM/EEPROM_Prog.o
 .text          0x00000092        0x0 ./APP.o
 .text          0x00000092        0x0 ./main.o
 .text          0x00000092        0x0 c:/development/imt_sdk_win_64/imt_sdk_win_64/winavr/bin/../lib/gcc/avr/4.3.3/avr5\libgcc.a(_mulsi3.o)
 .text          0x00000092        0x0 c:/development/imt_sdk_win_64/imt_sdk_win_64/winavr/bin/../lib/gcc/avr/4.3.3/avr5\libgcc.a(_udivmodhi4.o)
 .text          0x00000092        0x0 c:/development/imt_sdk_win_64/imt_sdk_win_64/winavr/bin/../lib/gcc/avr/4.3.3/avr5\libgcc.a(_divmodsi4.o)
 .text          0x00000092        0x0 c:/development/imt_sdk_win_64/imt_sdk_win_64/winavr/bin/../lib/gcc/avr/4.3.3/avr5\libgcc.a(_exit.o)
 .text          0x00000092        0x0 c:/development/imt_sdk_win_64/imt_sdk_win_64/winavr/bin/../lib/gcc/avr/4.3.3/avr5\libgcc.a(_copy_data.o)
 .text          0x00000092        0x0 c:/development/imt_sdk_win_64/imt_sdk_win_64/winavr/bin/../lib/gcc/avr/4.3.3/avr5\libgcc.a(_clear_bss.o)
 .text          0x00000092       0x58 c:/development/imt_sdk_win_64/imt_sdk_win_64/winavr/bin/../lib/gcc/avr/4.3.3/avr5\libgcc.a(_fixunssfsi.o)
                0x00000092                __fixunssfsi
 .text          0x000000ea      0x354 c:/development/imt_sdk_win_64/imt_sdk_win_64/winavr/bin/../lib/gcc/avr/4.3.3/avr5\libgcc.a(_addsub_sf.o)
                0x00000382                __subsf3
                0x000003e4                __addsf3
 .text          0x0000043e      0x1f4 c:/development/imt_sdk_win_64/imt_sdk_win_64/winavr/bin/../lib/gcc/avr/4.3.3/avr5\libgcc.a(_mul_sf.o)
                0x0000043e                __mulsf3
 .text          0x00000632      0x158 c:/development/imt_sdk_win_64/imt_sdk_win_64/winavr/bin/../lib/gcc/avr/4.3.3/avr5\libgcc.a(_div_sf.o)
                0x00000632                __divsf3
 .text          0x0000078a       0x60 c:/development/imt_sdk_win_64/imt_sdk_win_64/winavr/bin/../lib/gcc/avr/4.3.3/avr5\libgcc.a(_gt_sf.o)
                0x0000078a                __gtsf2
 .text          0x000007ea       0x60 c:/development/imt_sdk_win_64/imt_sdk_win_64/winavr/bin/../lib/gcc/avr/4.3.3/avr5\libgcc.a(_ge_sf.o)
                0x000007ea                __gesf2
 .text          0x0000084a       0x60 c:/development/imt_sdk_win_64/imt_sdk_win_64/winavr/bin/../lib/gcc/avr/4.3.3/avr5\libgcc.a(_lt_sf.o)
                0x0000084a                __ltsf2
 .text          0x000008aa       0xa8 c:/development/imt_sdk_win_64/imt_sdk_win_64/winavr/bin/../lib/gcc/avr/4.3.3/avr5\libgcc.a(_sf_to_si.o)
                0x000008aa                __fixsfsi
 .text          0x00000952        0x0 c:/development/imt_sdk_win_64/imt_sdk_win_64/winavr/bin/../lib/gcc/avr/4.3.3/avr5\libgcc.a(_thenan_sf.o)
 .text          0x00000952       0xf2 c:/development/imt_sdk_win_64/imt_sdk_win_64/winavr/bin/../lib/gcc/avr/4.3.3/avr5\libgcc.a(_usi_to_sf.o)
                0x00000952                __floatunsisf
 .text          0x00000a44        0x0 c:/development/imt_sdk_win_64/imt_sdk_win_64/winavr/bin/../lib/gcc/avr/4.3.3/avr5\libgcc.a(_udivmodsi4.o)
 .text          0x00000a44        0x0 c:/development/imt_sdk_win_64/imt_sdk_win_64/winavr/bin/../lib/gcc/avr/4.3.3/avr5\libgcc.a(_prologue.o)
 .text          0x00000a44        0x0 c:/development/imt_sdk_win_64/imt_sdk_win_64/winavr/bin/../lib/gcc/avr/4.3.3/avr5\libgcc.a(_epilogue.o)
 .text          0x00000a44       0x9e c:/development/imt_sdk_win_64/imt_sdk_win_64/winavr/bin/../lib/gcc/avr/4.3.3/avr5\libgcc.a(_clzsi2.o)
                0x00000a44                __clzsi2
 .text          0x00000ae2      0x1aa c:/development/imt_sdk_win_64/imt_sdk_win_64/winavr/bin/../lib/gcc/avr/4.3.3/avr5\libgcc.a(_pack_sf.o)
                0x00000ae2                __pack_f
 .text          0x00000c8c       0xf0 c:/development/imt_sdk_win_64/imt_sdk_win_64/winavr/bin/../lib/gcc/avr/4.3.3/avr5\libgcc.a(_unpack_sf.o)
                0x00000c8c                __unpack_f
 .text          0x00000d7c       0xb2 c:/development/imt_sdk_win_64/imt_sdk_win_64/winavr/bin/../lib/gcc/avr/4.3.3/avr5\libgcc.a(_fpcmp_parts_sf.o)
                0x00000d7c                __fpcmp_parts_f
 .text          0x00000e2e        0x0 c:/development/imt_sdk_win_64/imt_sdk_win_64/winavr/bin/../lib/gcc/avr/4.3.3/avr5\libgcc.a(_clz.o)
                0x00000e2e                . = ALIGN (0x2)
 *(.text.*)
 .text.TMU_CreateTask
                0x00000e2e       0xaa ./TMU/TMU_Prog.o
                0x00000e2e                TMU_CreateTask
 .text.TMU_Delete_Task
                0x00000ed8       0x32 ./TMU/TMU_Prog.o
                0x00000ed8                TMU_Delete_Task
 .text.TMU_Suspend_Task
                0x00000f0a       0x32 ./TMU/TMU_Prog.o
                0x00000f0a                TMU_Suspend_Task
 .text.TMU_Resume_Task
                0x00000f3c       0x30 ./TMU/TMU_Prog.o
                0x00000f3c                TMU_Resume_Task
 .text.TMU_Start_Scheduler
                0x00000f6c       0x56 ./TMU/TMU_Prog.o
                0x00000f6c                TMU_Start_Scheduler
 .text.Scheduler
                0x00000fc2       0xce ./TMU/TMU_Prog.o
                0x00000fc2                Scheduler
 .text.arrayToNum
                0x00001090       0x8e ./SERVICE/Security_Prog.o
                0x00001090                arrayToNum
 .text.Pass     0x0000111e      0x32e ./SERVICE/Security_Prog.o
                0x0000111e                Pass
 .text.USART_voidInit
                0x0000144c       0x46 ./MCAL/USART/USART_Prog.o
                0x0000144c                USART_voidInit
 .text.USART_voidTransmit
                0x00001492       0x34 ./MCAL/USART/USART_Prog.o
                0x00001492                USART_voidTransmit
 .text.USART_voidRecieve
                0x000014c6       0x2e ./MCAL/USART/USART_Prog.o
                0x000014c6                USART_voidRecieve
 .text.USART_voidSendString
                0x000014f4       0x52 ./MCAL/USART/USART_Prog.o
                0x000014f4                USART_voidSendString
 .text.TWI_voidMaterInit
                0x00001546       0x34 ./MCAL/TWI/TWI_Prog.o
                0x00001546                TWI_voidMaterInit
 .text.TWI_voidSlaveInit
                0x0000157a       0x2c ./MCAL/TWI/TWI_Prog.o
                0x0000157a                TWI_voidSlaveInit
 .text.TWI_voidStartCond
                0x000015a6       0x42 ./MCAL/TWI/TWI_Prog.o
                0x000015a6                TWI_voidStartCond
 .text.TWI_voidSendSlaveAddressWithRead
                0x000015e8       0x3e ./MCAL/TWI/TWI_Prog.o
                0x000015e8                TWI_voidSendSlaveAddressWithRead
 .text.TWI_voidSendSlaveAddressWithWrite
                0x00001626       0x36 ./MCAL/TWI/TWI_Prog.o
                0x00001626                TWI_voidSendSlaveAddressWithWrite
 .text.TWI_voidMasterWriteData
                0x0000165c       0x34 ./MCAL/TWI/TWI_Prog.o
                0x0000165c                TWI_voidMasterWriteData
 .text.TWI_voidMasterReadData
                0x00001690       0x4a ./MCAL/TWI/TWI_Prog.o
                0x00001690                TWI_voidMasterReadData
 .text.TWI_voidStopCond
                0x000016da       0x38 ./MCAL/TWI/TWI_Prog.o
                0x000016da                TWI_voidStopCond
 .text.TWI_GetStatus
                0x00001712       0x6a ./MCAL/TWI/TWI_Prog.o
                0x00001712                TWI_GetStatus
 .text.SPI_Init_Master
                0x0000177c       0x46 ./MCAL/SPI/SPI_program.o
                0x0000177c                SPI_Init_Master
 .text.SPI_Init_Slave
                0x000017c2       0x46 ./MCAL/SPI/SPI_program.o
                0x000017c2                SPI_Init_Slave
 .text.SPI_Trancieve
                0x00001808       0x3c ./MCAL/SPI/SPI_program.o
                0x00001808                SPI_Trancieve
 .text.PWM_Init
                0x00001844      0x22e ./MCAL/PWM/PWM_Prog.o
                0x00001844                PWM_Init
 .text.PWM_OCR_SET
                0x00001a72       0x50 ./MCAL/PWM/PWM_Prog.o
                0x00001a72                PWM_OCR_SET
 .text.ICU_Init
                0x00001ac2       0x8e ./MCAL/ICU/ICU_Prog.o
                0x00001ac2                ICU_Init
 .text.ICU_Change_Trigger
                0x00001b50       0x3e ./MCAL/ICU/ICU_Prog.o
                0x00001b50                ICU_Change_Trigger
 .text.ICU_GET_ICR_Value
                0x00001b8e       0x28 ./MCAL/ICU/ICU_Prog.o
                0x00001b8e                ICU_GET_ICR_Value
 .text.__vector_6
                0x00001bb6       0x66 ./MCAL/ICU/ICU_Prog.o
                0x00001bb6                __vector_6
 .text.G_INT_Enable
                0x00001c1c       0x1c ./MCAL/Global_INT/Global_INT_Prog.o
                0x00001c1c                G_INT_Enable
 .text.G_INT_Disable
                0x00001c38       0x1c ./MCAL/Global_INT/Global_INT_Prog.o
                0x00001c38                G_INT_Disable
 .text.GPT_Init
                0x00001c54       0xf4 ./MCAL/GPT_Timer/GPT_Prog.o
                0x00001c54                GPT_Init
 .text.GPT_Set_Preload
                0x00001d48       0x1c ./MCAL/GPT_Timer/GPT_Prog.o
                0x00001d48                GPT_Set_Preload
 .text.__vector_10
                0x00001d64       0x66 ./MCAL/GPT_Timer/GPT_Prog.o
                0x00001d64                __vector_10
 .text.__vector_11
                0x00001dca       0x66 ./MCAL/GPT_Timer/GPT_Prog.o
                0x00001dca                __vector_11
 .text.EXT_INT_Init
                0x00001e30      0x23c ./MCAL/EXT_INT/EXT_INT_Prog.o
                0x00001e30                EXT_INT_Init
 .text.EXT_INT_Disable
                0x0000206c       0x70 ./MCAL/EXT_INT/EXT_INT_Prog.o
                0x0000206c                EXT_INT_Disable
 .text.__vector_1
                0x000020dc       0x66 ./MCAL/EXT_INT/EXT_INT_Prog.o
                0x000020dc                __vector_1
 .text.__vector_2
                0x00002142       0x66 ./MCAL/EXT_INT/EXT_INT_Prog.o
                0x00002142                __vector_2
 .text.__vector_3
                0x000021a8       0x66 ./MCAL/EXT_INT/EXT_INT_Prog.o
                0x000021a8                __vector_3
 .text.EEPROM_VoidWrite
                0x0000220e       0x6a ./MCAL/ENT_EEPROM/EEPROM_program.o
                0x0000220e                EEPROM_VoidWrite
 .text.EEPROM_Read
                0x00002278       0x5e ./MCAL/ENT_EEPROM/EEPROM_program.o
                0x00002278                EEPROM_Read
 .text.DIO_VoidSetPinDirection
                0x000022d6       0xce ./MCAL/DIO/DIO_Program.o
                0x000022d6                DIO_VoidSetPinDirection
 .text.DIO_VoidSetPinValue
                0x000023a4       0xce ./MCAL/DIO/DIO_Program.o
                0x000023a4                DIO_VoidSetPinValue
 .text.DIO_VoidGetPinValue
                0x00002472       0x66 ./MCAL/DIO/DIO_Program.o
                0x00002472                DIO_VoidGetPinValue
 .text.DIO_VoidSetPortDirection
                0x000024d8       0x38 ./MCAL/DIO/DIO_Program.o
                0x000024d8                DIO_VoidSetPortDirection
 .text.DIO_VoidSetPortValue
                0x00002510       0x38 ./MCAL/DIO/DIO_Program.o
                0x00002510                DIO_VoidSetPortValue
 .text.DIO_VoidGetPortValue
                0x00002548       0x42 ./MCAL/DIO/DIO_Program.o
                0x00002548                DIO_VoidGetPortValue
 .text.DIO_VoidTogglePIN
                0x0000258a       0x6c ./MCAL/DIO/DIO_Program.o
                0x0000258a                DIO_VoidTogglePIN
 .text.ADC_voidInit
                0x000025f6       0x38 ./MCAL/ADC/ADC_Prog.o
                0x000025f6                ADC_voidInit
 .text.ADC_StartConv
                0x0000262e       0x80 ./MCAL/ADC/ADC_Prog.o
                0x0000262e                ADC_StartConv
 .text.Init_SM  0x000026ae     0x2b64 ./HAL/Step_Motor/SM_Prog.o
                0x000026ae                Init_SM
 .text.LM35_voidReadValue
                0x00005212       0x7a ./HAL/LM35/LM35_Prog.o
                0x00005212                LM35_voidReadValue
 .text.LCD_TWI_vInit
                0x0000528c      0x4f0 ./HAL/LCD_TWI/LCD_TWI_Prog.o
                0x0000528c                LCD_TWI_vInit
 .text.LCD_TWI_vtoggleEnable
                0x0000577c      0x14a ./HAL/LCD_TWI/LCD_TWI_Prog.o
                0x0000577c                LCD_TWI_vtoggleEnable
 .text.LCD_TWI_vSendCommand_hf
                0x000058c6       0x7e ./HAL/LCD_TWI/LCD_TWI_Prog.o
                0x000058c6                LCD_TWI_vSendCommand_hf
 .text.LCD_TWI_vSendCommand
                0x00005944       0xd6 ./HAL/LCD_TWI/LCD_TWI_Prog.o
                0x00005944                LCD_TWI_vSendCommand
 .text.LCD_TWI_vSendChar
                0x00005a1a       0xd6 ./HAL/LCD_TWI/LCD_TWI_Prog.o
                0x00005a1a                LCD_TWI_vSendChar
 .text.LCD_TWI_vClear
                0x00005af0       0x14 ./HAL/LCD_TWI/LCD_TWI_Prog.o
                0x00005af0                LCD_TWI_vClear
 .text.LCD_TWI_vSendString
                0x00005b04       0x3a ./HAL/LCD_TWI/LCD_TWI_Prog.o
                0x00005b04                LCD_TWI_vSendString
 .text.LCD_TWI_vWriteNumber
                0x00005b3e      0x16c ./HAL/LCD_TWI/LCD_TWI_Prog.o
                0x00005b3e                LCD_TWI_vWriteNumber
 .text.LCD_TWI_vSendNumber
                0x00005caa       0x64 ./HAL/LCD_TWI/LCD_TWI_Prog.o
                0x00005caa                LCD_TWI_vSendNumber
 .text.LCD_TWI_vDisplayCustomChar
                0x00005d0e       0x20 ./HAL/LCD_TWI/LCD_TWI_Prog.o
                0x00005d0e                LCD_TWI_vDisplayCustomChar
 .text.LCD_TWI_vSaveCustomChar
                0x00005d2e       0x6a ./HAL/LCD_TWI/LCD_TWI_Prog.o
                0x00005d2e                LCD_TWI_vSaveCustomChar
 .text.LCD_TWI_vSetCursorPosition
                0x00005d98       0x36 ./HAL/LCD_TWI/LCD_TWI_Prog.o
                0x00005d98                LCD_TWI_vSetCursorPosition
 .text.LCD_Init
                0x00005dce      0x214 ./HAL/LCD/LCD_program.o
                0x00005dce                LCD_Init
 .text.LCD_WriteCommand
                0x00005fe2      0x496 ./HAL/LCD/LCD_program.o
                0x00005fe2                LCD_WriteCommand
 .text.LCD_WriteData
                0x00006478      0x496 ./HAL/LCD/LCD_program.o
                0x00006478                LCD_WriteData
 .text.LCD_WriteString
                0x0000690e       0x52 ./HAL/LCD/LCD_program.o
                0x0000690e                LCD_WriteString
 .text.LCD_GoTo
                0x00006960      0x36a ./HAL/LCD/LCD_program.o
                0x00006960                LCD_GoTo
 .text.LCD_ClearDisplay
                0x00006cca      0x110 ./HAL/LCD/LCD_program.o
                0x00006cca                LCD_ClearDisplay
 .text.LCD_WriteChar
                0x00006dda       0x22 ./HAL/LCD/LCD_program.o
                0x00006dda                LCD_WriteChar
 .text.LCD_WriteNumber
                0x00006dfc      0x412 ./HAL/LCD/LCD_program.o
                0x00006dfc                LCD_WriteNumber
 .text.LCD_WriteFloat
                0x0000720e       0x62 ./HAL/LCD/LCD_program.o
                0x0000720e                LCD_WriteFloat
 .text.LCD_GoToWriteNumber
                0x00007270       0x40 ./HAL/LCD/LCD_program.o
                0x00007270                LCD_GoToWriteNumber
 .text.LCD_GoToClear
                0x000072b0       0x4c ./HAL/LCD/LCD_program.o
                0x000072b0                LCD_GoToClear
 .text.LCD_GoToWriteChar
                0x000072fc       0x34 ./HAL/LCD/LCD_program.o
                0x000072fc                LCD_GoToWriteChar
 .text.LCD_GoToWriteString
                0x00007330       0x3c ./HAL/LCD/LCD_program.o
                0x00007330                LCD_GoToWriteString
 .text.LCD_BCD_To_Char
                0x0000736c      0x122 ./HAL/LCD/LCD_program.o
                0x0000736c                LCD_BCD_To_Char
 .text.Init_KP  0x0000748e       0xb8 ./HAL/Key_Pad/KP_Prog.o
                0x0000748e                Init_KP
 .text.Read_KP  0x00007546      0x270 ./HAL/Key_Pad/KP_Prog.o
                0x00007546                Read_KP
 .text.EEPROM_voidSendData
                0x000077b6      0x132 ./HAL/EEPROM/EEPROM_Prog.o
                0x000077b6                EEPROM_voidSendData
 .text.EEPROM_voidRecieveData
                0x000078e8       0x5c ./HAL/EEPROM/EEPROM_Prog.o
                0x000078e8                EEPROM_voidRecieveData
 .text.main     0x00007944       0x12 ./APP.o
                0x00007944                main
 .text.libgcc   0x00007956       0x3e c:/development/imt_sdk_win_64/imt_sdk_win_64/winavr/bin/../lib/gcc/avr/4.3.3/avr5\libgcc.a(_mulsi3.o)
                0x00007956                __mulsi3
 .text.libgcc   0x00007994       0x28 c:/development/imt_sdk_win_64/imt_sdk_win_64/winavr/bin/../lib/gcc/avr/4.3.3/avr5\libgcc.a(_udivmodhi4.o)
                0x00007994                __udivmodhi4
 .text.libgcc   0x000079bc       0x36 c:/development/imt_sdk_win_64/imt_sdk_win_64/winavr/bin/../lib/gcc/avr/4.3.3/avr5\libgcc.a(_divmodsi4.o)
                0x000079bc                __divmodsi4
 .text.libgcc   0x000079f2        0x0 c:/development/imt_sdk_win_64/imt_sdk_win_64/winavr/bin/../lib/gcc/avr/4.3.3/avr5\libgcc.a(_exit.o)
 .text.libgcc   0x000079f2        0x0 c:/development/imt_sdk_win_64/imt_sdk_win_64/winavr/bin/../lib/gcc/avr/4.3.3/avr5\libgcc.a(_copy_data.o)
 .text.libgcc   0x000079f2        0x0 c:/development/imt_sdk_win_64/imt_sdk_win_64/winavr/bin/../lib/gcc/avr/4.3.3/avr5\libgcc.a(_clear_bss.o)
 .text.libgcc   0x000079f2       0x44 c:/development/imt_sdk_win_64/imt_sdk_win_64/winavr/bin/../lib/gcc/avr/4.3.3/avr5\libgcc.a(_udivmodsi4.o)
                0x000079f2                __udivmodsi4
 .text.libgcc   0x00007a36       0x38 c:/development/imt_sdk_win_64/imt_sdk_win_64/winavr/bin/../lib/gcc/avr/4.3.3/avr5\libgcc.a(_prologue.o)
                0x00007a36                __prologue_saves__
 .text.libgcc   0x00007a6e       0x36 c:/development/imt_sdk_win_64/imt_sdk_win_64/winavr/bin/../lib/gcc/avr/4.3.3/avr5\libgcc.a(_epilogue.o)
                0x00007a6e                __epilogue_restores__
                0x00007aa4                . = ALIGN (0x2)
 *(.fini9)
 .fini9         0x00007aa4        0x0 c:/development/imt_sdk_win_64/imt_sdk_win_64/winavr/bin/../lib/gcc/avr/4.3.3/avr5\libgcc.a(_exit.o)
                0x00007aa4                exit
                0x00007aa4                _exit
 *(.fini9)
 *(.fini8)
 *(.fini8)
 *(.fini7)
 *(.fini7)
 *(.fini6)
 *(.fini6)
 *(.fini5)
 *(.fini5)
 *(.fini4)
 *(.fini4)
 *(.fini3)
 *(.fini3)
 *(.fini2)
 *(.fini2)
 *(.fini1)
 *(.fini1)
 *(.fini0)
 .fini0         0x00007aa4        0x4 c:/development/imt_sdk_win_64/imt_sdk_win_64/winavr/bin/../lib/gcc/avr/4.3.3/avr5\libgcc.a(_exit.o)
 *(.fini0)
                0x00007aa8                _etext = .

.data           0x00800060      0x1a6 load address 0x00007aa8
                0x00800060                PROVIDE (__data_start, .)
 *(.data)
 .data          0x00800060        0x0 c:/development/imt_sdk_win_64/imt_sdk_win_64/winavr/bin/../lib/gcc/avr/4.3.3/../../../../avr/lib/avr5/crtm32.o
 .data          0x00800060        0x0 ./TMU/TMU_Prog.o
 .data          0x00800060       0x75 ./SERVICE/Security_Prog.o
 .data          0x008000d5        0x0 ./MCAL/USART/USART_Prog.o
 .data          0x008000d5        0x0 ./MCAL/TWI/TWI_Prog.o
 .data          0x008000d5        0x0 ./MCAL/SPI/SPI_program.o
 .data          0x008000d5        0x0 ./MCAL/PWM/PWM_Prog.o
 .data          0x008000d5        0x0 ./MCAL/ICU/ICU_Prog.o
 .data          0x008000d5        0x0 ./MCAL/Global_INT/Global_INT_Prog.o
 .data          0x008000d5        0x0 ./MCAL/GPT_Timer/GPT_Prog.o
 .data          0x008000d5        0x0 ./MCAL/EXT_INT/EXT_INT_Prog.o
 .data          0x008000d5        0x0 ./MCAL/ENT_EEPROM/EEPROM_program.o
 .data          0x008000d5        0x0 ./MCAL/DIO/DIO_Program.o
 .data          0x008000d5        0x0 ./MCAL/ADC/ADC_Prog.o
 .data          0x008000d5        0x0 ./HAL/Step_Motor/SM_Prog.o
 .data          0x008000d5        0x0 ./HAL/RTC/RTC_Prog.o
 .data          0x008000d5        0x0 ./HAL/LM35/LM35_Prog.o
 .data          0x008000d5        0x0 ./HAL/LED/LED_Prog.o
 .data          0x008000d5        0x0 ./HAL/LCD_TWI/LCD_TWI_Prog.o
 .data          0x008000d5        0x0 ./HAL/LCD/LCD_program.o
 .data          0x008000d5        0x0 ./HAL/Key_Pad/KP_Prog.o
 .data          0x008000d5        0x0 ./HAL/EEPROM/EEPROM_Prog.o
 .data          0x008000d5        0x0 ./APP.o
 .data          0x008000d5        0x0 ./main.o
 .data          0x008000d5        0x0 c:/development/imt_sdk_win_64/imt_sdk_win_64/winavr/bin/../lib/gcc/avr/4.3.3/avr5\libgcc.a(_mulsi3.o)
 .data          0x008000d5        0x0 c:/development/imt_sdk_win_64/imt_sdk_win_64/winavr/bin/../lib/gcc/avr/4.3.3/avr5\libgcc.a(_udivmodhi4.o)
 .data          0x008000d5        0x0 c:/development/imt_sdk_win_64/imt_sdk_win_64/winavr/bin/../lib/gcc/avr/4.3.3/avr5\libgcc.a(_divmodsi4.o)
 .data          0x008000d5        0x0 c:/development/imt_sdk_win_64/imt_sdk_win_64/winavr/bin/../lib/gcc/avr/4.3.3/avr5\libgcc.a(_exit.o)
 .data          0x008000d5        0x0 c:/development/imt_sdk_win_64/imt_sdk_win_64/winavr/bin/../lib/gcc/avr/4.3.3/avr5\libgcc.a(_copy_data.o)
 .data          0x008000d5        0x0 c:/development/imt_sdk_win_64/imt_sdk_win_64/winavr/bin/../lib/gcc/avr/4.3.3/avr5\libgcc.a(_clear_bss.o)
 .data          0x008000d5        0x0 c:/development/imt_sdk_win_64/imt_sdk_win_64/winavr/bin/../lib/gcc/avr/4.3.3/avr5\libgcc.a(_fixunssfsi.o)
 .data          0x008000d5        0x0 c:/development/imt_sdk_win_64/imt_sdk_win_64/winavr/bin/../lib/gcc/avr/4.3.3/avr5\libgcc.a(_addsub_sf.o)
 .data          0x008000d5        0x0 c:/development/imt_sdk_win_64/imt_sdk_win_64/winavr/bin/../lib/gcc/avr/4.3.3/avr5\libgcc.a(_mul_sf.o)
 .data          0x008000d5        0x0 c:/development/imt_sdk_win_64/imt_sdk_win_64/winavr/bin/../lib/gcc/avr/4.3.3/avr5\libgcc.a(_div_sf.o)
 .data          0x008000d5        0x0 c:/development/imt_sdk_win_64/imt_sdk_win_64/winavr/bin/../lib/gcc/avr/4.3.3/avr5\libgcc.a(_gt_sf.o)
 .data          0x008000d5        0x0 c:/development/imt_sdk_win_64/imt_sdk_win_64/winavr/bin/../lib/gcc/avr/4.3.3/avr5\libgcc.a(_ge_sf.o)
 .data          0x008000d5        0x0 c:/development/imt_sdk_win_64/imt_sdk_win_64/winavr/bin/../lib/gcc/avr/4.3.3/avr5\libgcc.a(_lt_sf.o)
 .data          0x008000d5        0x0 c:/development/imt_sdk_win_64/imt_sdk_win_64/winavr/bin/../lib/gcc/avr/4.3.3/avr5\libgcc.a(_sf_to_si.o)
 .data          0x008000d5        0x8 c:/development/imt_sdk_win_64/imt_sdk_win_64/winavr/bin/../lib/gcc/avr/4.3.3/avr5\libgcc.a(_thenan_sf.o)
                0x008000d5                __thenan_sf
 .data          0x008000dd        0x0 c:/development/imt_sdk_win_64/imt_sdk_win_64/winavr/bin/../lib/gcc/avr/4.3.3/avr5\libgcc.a(_usi_to_sf.o)
 .data          0x008000dd        0x0 c:/development/imt_sdk_win_64/imt_sdk_win_64/winavr/bin/../lib/gcc/avr/4.3.3/avr5\libgcc.a(_udivmodsi4.o)
 .data          0x008000dd        0x0 c:/development/imt_sdk_win_64/imt_sdk_win_64/winavr/bin/../lib/gcc/avr/4.3.3/avr5\libgcc.a(_prologue.o)
 .data          0x008000dd        0x0 c:/development/imt_sdk_win_64/imt_sdk_win_64/winavr/bin/../lib/gcc/avr/4.3.3/avr5\libgcc.a(_epilogue.o)
 .data          0x008000dd        0x0 c:/development/imt_sdk_win_64/imt_sdk_win_64/winavr/bin/../lib/gcc/avr/4.3.3/avr5\libgcc.a(_clzsi2.o)
 .data          0x008000dd        0x0 c:/development/imt_sdk_win_64/imt_sdk_win_64/winavr/bin/../lib/gcc/avr/4.3.3/avr5\libgcc.a(_pack_sf.o)
 .data          0x008000dd        0x0 c:/development/imt_sdk_win_64/imt_sdk_win_64/winavr/bin/../lib/gcc/avr/4.3.3/avr5\libgcc.a(_unpack_sf.o)
 .data          0x008000dd        0x0 c:/development/imt_sdk_win_64/imt_sdk_win_64/winavr/bin/../lib/gcc/avr/4.3.3/avr5\libgcc.a(_fpcmp_parts_sf.o)
 .data          0x008000dd      0x100 c:/development/imt_sdk_win_64/imt_sdk_win_64/winavr/bin/../lib/gcc/avr/4.3.3/avr5\libgcc.a(_clz.o)
                0x008000dd                __clz_tab
 *(.data*)
 .data.DIO_ArrpVu8_DDR
                0x008001dd        0x8 ./MCAL/DIO/DIO_Program.o
                0x008001dd                DIO_ArrpVu8_DDR
 .data.DIO_ArrpVu8_PORT
                0x008001e5        0x8 ./MCAL/DIO/DIO_Program.o
                0x008001e5                DIO_ArrpVu8_PORT
 .data.DIO_ArrpVu8_PIN
                0x008001ed        0x8 ./MCAL/DIO/DIO_Program.o
                0x008001ed                DIO_ArrpVu8_PIN
 *(.rodata)
 *(.rodata*)
 .rodata.C.5.1377
                0x008001f5        0x8 ./SERVICE/Security_Prog.o
 .rodata.C.0.1366
                0x008001fd        0x8 ./SERVICE/Security_Prog.o
 *(.gnu.linkonce.d*)
                0x00800206                . = ALIGN (0x2)
 *fill*         0x00800205        0x1 00
                0x00800206                _edata = .
                0x00800206                PROVIDE (__data_end, .)

.bss            0x00800206       0x1b
                0x00800206                PROVIDE (__bss_start, .)
 *(.bss)
 .bss           0x00800206        0x0 c:/development/imt_sdk_win_64/imt_sdk_win_64/winavr/bin/../lib/gcc/avr/4.3.3/../../../../avr/lib/avr5/crtm32.o
 .bss           0x00800206        0x0 ./TMU/TMU_Prog.o
 .bss           0x00800206        0x0 ./SERVICE/Security_Prog.o
 .bss           0x00800206        0x0 ./MCAL/USART/USART_Prog.o
 .bss           0x00800206        0x0 ./MCAL/TWI/TWI_Prog.o
 .bss           0x00800206        0x0 ./MCAL/SPI/SPI_program.o
 .bss           0x00800206        0x0 ./MCAL/PWM/PWM_Prog.o
 .bss           0x00800206        0x0 ./MCAL/ICU/ICU_Prog.o
 .bss           0x00800206        0x0 ./MCAL/Global_INT/Global_INT_Prog.o
 .bss           0x00800206        0x0 ./MCAL/GPT_Timer/GPT_Prog.o
 .bss           0x00800206        0x0 ./MCAL/EXT_INT/EXT_INT_Prog.o
 .bss           0x00800206        0x0 ./MCAL/ENT_EEPROM/EEPROM_program.o
 .bss           0x00800206        0x0 ./MCAL/DIO/DIO_Program.o
 .bss           0x00800206        0x0 ./MCAL/ADC/ADC_Prog.o
 .bss           0x00800206        0x0 ./HAL/Step_Motor/SM_Prog.o
 .bss           0x00800206        0x0 ./HAL/RTC/RTC_Prog.o
 .bss           0x00800206        0x0 ./HAL/LM35/LM35_Prog.o
 .bss           0x00800206        0x0 ./HAL/LED/LED_Prog.o
 .bss           0x00800206        0x0 ./HAL/LCD_TWI/LCD_TWI_Prog.o
 .bss           0x00800206        0x0 ./HAL/LCD/LCD_program.o
 .bss           0x00800206        0x0 ./HAL/Key_Pad/KP_Prog.o
 .bss           0x00800206        0x0 ./HAL/EEPROM/EEPROM_Prog.o
 .bss           0x00800206        0x0 ./APP.o
 .bss           0x00800206        0x0 ./main.o
 .bss           0x00800206        0x0 c:/development/imt_sdk_win_64/imt_sdk_win_64/winavr/bin/../lib/gcc/avr/4.3.3/avr5\libgcc.a(_mulsi3.o)
 .bss           0x00800206        0x0 c:/development/imt_sdk_win_64/imt_sdk_win_64/winavr/bin/../lib/gcc/avr/4.3.3/avr5\libgcc.a(_udivmodhi4.o)
 .bss           0x00800206        0x0 c:/development/imt_sdk_win_64/imt_sdk_win_64/winavr/bin/../lib/gcc/avr/4.3.3/avr5\libgcc.a(_divmodsi4.o)
 .bss           0x00800206        0x0 c:/development/imt_sdk_win_64/imt_sdk_win_64/winavr/bin/../lib/gcc/avr/4.3.3/avr5\libgcc.a(_exit.o)
 .bss           0x00800206        0x0 c:/development/imt_sdk_win_64/imt_sdk_win_64/winavr/bin/../lib/gcc/avr/4.3.3/avr5\libgcc.a(_copy_data.o)
 .bss           0x00800206        0x0 c:/development/imt_sdk_win_64/imt_sdk_win_64/winavr/bin/../lib/gcc/avr/4.3.3/avr5\libgcc.a(_clear_bss.o)
 .bss           0x00800206        0x0 c:/development/imt_sdk_win_64/imt_sdk_win_64/winavr/bin/../lib/gcc/avr/4.3.3/avr5\libgcc.a(_fixunssfsi.o)
 .bss           0x00800206        0x0 c:/development/imt_sdk_win_64/imt_sdk_win_64/winavr/bin/../lib/gcc/avr/4.3.3/avr5\libgcc.a(_addsub_sf.o)
 .bss           0x00800206        0x0 c:/development/imt_sdk_win_64/imt_sdk_win_64/winavr/bin/../lib/gcc/avr/4.3.3/avr5\libgcc.a(_mul_sf.o)
 .bss           0x00800206        0x0 c:/development/imt_sdk_win_64/imt_sdk_win_64/winavr/bin/../lib/gcc/avr/4.3.3/avr5\libgcc.a(_div_sf.o)
 .bss           0x00800206        0x0 c:/development/imt_sdk_win_64/imt_sdk_win_64/winavr/bin/../lib/gcc/avr/4.3.3/avr5\libgcc.a(_gt_sf.o)
 .bss           0x00800206        0x0 c:/development/imt_sdk_win_64/imt_sdk_win_64/winavr/bin/../lib/gcc/avr/4.3.3/avr5\libgcc.a(_ge_sf.o)
 .bss           0x00800206        0x0 c:/development/imt_sdk_win_64/imt_sdk_win_64/winavr/bin/../lib/gcc/avr/4.3.3/avr5\libgcc.a(_lt_sf.o)
 .bss           0x00800206        0x0 c:/development/imt_sdk_win_64/imt_sdk_win_64/winavr/bin/../lib/gcc/avr/4.3.3/avr5\libgcc.a(_sf_to_si.o)
 .bss           0x00800206        0x0 c:/development/imt_sdk_win_64/imt_sdk_win_64/winavr/bin/../lib/gcc/avr/4.3.3/avr5\libgcc.a(_thenan_sf.o)
 .bss           0x00800206        0x0 c:/development/imt_sdk_win_64/imt_sdk_win_64/winavr/bin/../lib/gcc/avr/4.3.3/avr5\libgcc.a(_usi_to_sf.o)
 .bss           0x00800206        0x0 c:/development/imt_sdk_win_64/imt_sdk_win_64/winavr/bin/../lib/gcc/avr/4.3.3/avr5\libgcc.a(_udivmodsi4.o)
 .bss           0x00800206        0x0 c:/development/imt_sdk_win_64/imt_sdk_win_64/winavr/bin/../lib/gcc/avr/4.3.3/avr5\libgcc.a(_prologue.o)
 .bss           0x00800206        0x0 c:/development/imt_sdk_win_64/imt_sdk_win_64/winavr/bin/../lib/gcc/avr/4.3.3/avr5\libgcc.a(_epilogue.o)
 .bss           0x00800206        0x0 c:/development/imt_sdk_win_64/imt_sdk_win_64/winavr/bin/../lib/gcc/avr/4.3.3/avr5\libgcc.a(_clzsi2.o)
 .bss           0x00800206        0x0 c:/development/imt_sdk_win_64/imt_sdk_win_64/winavr/bin/../lib/gcc/avr/4.3.3/avr5\libgcc.a(_pack_sf.o)
 .bss           0x00800206        0x0 c:/development/imt_sdk_win_64/imt_sdk_win_64/winavr/bin/../lib/gcc/avr/4.3.3/avr5\libgcc.a(_unpack_sf.o)
 .bss           0x00800206        0x0 c:/development/imt_sdk_win_64/imt_sdk_win_64/winavr/bin/../lib/gcc/avr/4.3.3/avr5\libgcc.a(_fpcmp_parts_sf.o)
 .bss           0x00800206        0x0 c:/development/imt_sdk_win_64/imt_sdk_win_64/winavr/bin/../lib/gcc/avr/4.3.3/avr5\libgcc.a(_clz.o)
 *(.bss*)
 .bss.Tasks_Arr
                0x00800206        0xf ./TMU/TMU_Prog.o
 .bss.Local_Index.1279
                0x00800215        0x2 ./TMU/TMU_Prog.o
 .bss.Global_CPF
                0x00800217        0x2 ./MCAL/ICU/ICU_Prog.o
                0x00800217                Global_CPF
 .bss.Global_Timer0_CBF
                0x00800219        0x2 ./MCAL/GPT_Timer/GPT_Prog.o
                0x00800219                Global_Timer0_CBF
 .bss.Global_EXTI0_CPF
                0x0080021b        0x2 ./MCAL/EXT_INT/EXT_INT_Prog.o
                0x0080021b                Global_EXTI0_CPF
 .bss.Global_EXTI1_CPF
                0x0080021d        0x2 ./MCAL/EXT_INT/EXT_INT_Prog.o
                0x0080021d                Global_EXTI1_CPF
 .bss.Global_EXTI2_CPF
                0x0080021f        0x2 ./MCAL/EXT_INT/EXT_INT_Prog.o
                0x0080021f                Global_EXTI2_CPF
 *(COMMON)
                0x00800221                PROVIDE (__bss_end, .)
                0x00007aa8                __data_load_start = LOADADDR (.data)
                0x00007c4e                __data_load_end = (__data_load_start + SIZEOF (.data))

.noinit         0x00800221        0x0
                0x00800221                PROVIDE (__noinit_start, .)
 *(.noinit*)
                0x00800221                PROVIDE (__noinit_end, .)
                0x00800221                _end = .
                0x00800221                PROVIDE (__heap_start, .)

.eeprom         0x00810000        0x0
 *(.eeprom*)
                0x00810000                __eeprom_end = .

.fuse
 *(.fuse)
 *(.lfuse)
 *(.hfuse)
 *(.efuse)

.lock
 *(.lock*)

.signature
 *(.signature*)

.stab           0x00000000     0x7848
 *(.stab)
 .stab          0x00000000      0x474 ./TMU/TMU_Prog.o
 .stab          0x00000474      0x654 ./SERVICE/Security_Prog.o
                                0x660 (size before relaxing)
 .stab          0x00000ac8      0x2dc ./MCAL/USART/USART_Prog.o
                                0x2e8 (size before relaxing)
 .stab          0x00000da4      0x468 ./MCAL/TWI/TWI_Prog.o
                                0x474 (size before relaxing)
 .stab          0x0000120c      0x27c ./MCAL/SPI/SPI_program.o
                                0x288 (size before relaxing)
 .stab          0x00001488      0x3a8 ./MCAL/PWM/PWM_Prog.o
                                0x3b4 (size before relaxing)
 .stab          0x00001830      0x330 ./MCAL/ICU/ICU_Prog.o
                                0x33c (size before relaxing)
 .stab          0x00001b60      0x1bc ./MCAL/Global_INT/Global_INT_Prog.o
                                0x1c8 (size before relaxing)
 .stab          0x00001d1c      0x384 ./MCAL/GPT_Timer/GPT_Prog.o
                                0x390 (size before relaxing)
 .stab          0x000020a0      0x5ac ./MCAL/EXT_INT/EXT_INT_Prog.o
                                0x5b8 (size before relaxing)
 .stab          0x0000264c      0x24c ./MCAL/ENT_EEPROM/EEPROM_program.o
                                0x258 (size before relaxing)
 .stab          0x00002898      0x438 ./MCAL/DIO/DIO_Program.o
                                0x444 (size before relaxing)
 .stab          0x00002cd0      0x21c ./MCAL/ADC/ADC_Prog.o
                                0x228 (size before relaxing)
 .stab          0x00002eec     0x186c ./HAL/Step_Motor/SM_Prog.o
                               0x1878 (size before relaxing)
 .stab          0x00004758       0xd8 ./HAL/RTC/RTC_Prog.o
                                 0xe4 (size before relaxing)
 .stab          0x00004830      0x1c8 ./HAL/LM35/LM35_Prog.o
                                0x1d4 (size before relaxing)
 .stab          0x000049f8      0x180 ./HAL/LED/LED_Prog.o
                                0x318 (size before relaxing)
 .stab          0x00004b78      0xc54 ./HAL/LCD_TWI/LCD_TWI_Prog.o
                                0xdec (size before relaxing)
 .stab          0x000057cc     0x16d4 ./HAL/LCD/LCD_program.o
                               0x186c (size before relaxing)
 .stab          0x00006ea0      0x3f0 ./HAL/Key_Pad/KP_Prog.o
                                0x3fc (size before relaxing)
 .stab          0x00007290      0x348 ./HAL/EEPROM/EEPROM_Prog.o
                                0x4e0 (size before relaxing)
 .stab          0x000075d8      0x198 ./APP.o
                                0x1bc (size before relaxing)
 .stab          0x00007770       0xd8 ./main.o
                                 0xe4 (size before relaxing)

.stabstr        0x00000000     0x2a18
 *(.stabstr)
 .stabstr       0x00000000     0x2a18 ./TMU/TMU_Prog.o

.stab.excl
 *(.stab.excl)

.stab.exclstr
 *(.stab.exclstr)

.stab.index
 *(.stab.index)

.stab.indexstr
 *(.stab.indexstr)

.comment
 *(.comment)

.debug
 *(.debug)

.line
 *(.line)

.debug_srcinfo
 *(.debug_srcinfo)

.debug_sfnames
 *(.debug_sfnames)

.debug_aranges  0x00000000      0x1a0
 *(.debug_aranges)
 .debug_aranges
                0x00000000       0x20 c:/development/imt_sdk_win_64/imt_sdk_win_64/winavr/bin/../lib/gcc/avr/4.3.3/avr5\libgcc.a(_fixunssfsi.o)
 .debug_aranges
                0x00000020       0x20 c:/development/imt_sdk_win_64/imt_sdk_win_64/winavr/bin/../lib/gcc/avr/4.3.3/avr5\libgcc.a(_addsub_sf.o)
 .debug_aranges
                0x00000040       0x20 c:/development/imt_sdk_win_64/imt_sdk_win_64/winavr/bin/../lib/gcc/avr/4.3.3/avr5\libgcc.a(_mul_sf.o)
 .debug_aranges
                0x00000060       0x20 c:/development/imt_sdk_win_64/imt_sdk_win_64/winavr/bin/../lib/gcc/avr/4.3.3/avr5\libgcc.a(_div_sf.o)
 .debug_aranges
                0x00000080       0x20 c:/development/imt_sdk_win_64/imt_sdk_win_64/winavr/bin/../lib/gcc/avr/4.3.3/avr5\libgcc.a(_gt_sf.o)
 .debug_aranges
                0x000000a0       0x20 c:/development/imt_sdk_win_64/imt_sdk_win_64/winavr/bin/../lib/gcc/avr/4.3.3/avr5\libgcc.a(_ge_sf.o)
 .debug_aranges
                0x000000c0       0x20 c:/development/imt_sdk_win_64/imt_sdk_win_64/winavr/bin/../lib/gcc/avr/4.3.3/avr5\libgcc.a(_lt_sf.o)
 .debug_aranges
                0x000000e0       0x20 c:/development/imt_sdk_win_64/imt_sdk_win_64/winavr/bin/../lib/gcc/avr/4.3.3/avr5\libgcc.a(_sf_to_si.o)
 .debug_aranges
                0x00000100       0x20 c:/development/imt_sdk_win_64/imt_sdk_win_64/winavr/bin/../lib/gcc/avr/4.3.3/avr5\libgcc.a(_usi_to_sf.o)
 .debug_aranges
                0x00000120       0x20 c:/development/imt_sdk_win_64/imt_sdk_win_64/winavr/bin/../lib/gcc/avr/4.3.3/avr5\libgcc.a(_clzsi2.o)
 .debug_aranges
                0x00000140       0x20 c:/development/imt_sdk_win_64/imt_sdk_win_64/winavr/bin/../lib/gcc/avr/4.3.3/avr5\libgcc.a(_pack_sf.o)
 .debug_aranges
                0x00000160       0x20 c:/development/imt_sdk_win_64/imt_sdk_win_64/winavr/bin/../lib/gcc/avr/4.3.3/avr5\libgcc.a(_unpack_sf.o)
 .debug_aranges
                0x00000180       0x20 c:/development/imt_sdk_win_64/imt_sdk_win_64/winavr/bin/../lib/gcc/avr/4.3.3/avr5\libgcc.a(_fpcmp_parts_sf.o)

.debug_pubnames
                0x00000000      0x1f2
 *(.debug_pubnames)
 .debug_pubnames
                0x00000000       0x23 c:/development/imt_sdk_win_64/imt_sdk_win_64/winavr/bin/../lib/gcc/avr/4.3.3/avr5\libgcc.a(_fixunssfsi.o)
 .debug_pubnames
                0x00000023       0x2c c:/development/imt_sdk_win_64/imt_sdk_win_64/winavr/bin/../lib/gcc/avr/4.3.3/avr5\libgcc.a(_addsub_sf.o)
 .debug_pubnames
                0x0000004f       0x1f c:/development/imt_sdk_win_64/imt_sdk_win_64/winavr/bin/../lib/gcc/avr/4.3.3/avr5\libgcc.a(_mul_sf.o)
 .debug_pubnames
                0x0000006e       0x1f c:/development/imt_sdk_win_64/imt_sdk_win_64/winavr/bin/../lib/gcc/avr/4.3.3/avr5\libgcc.a(_div_sf.o)
 .debug_pubnames
                0x0000008d       0x1e c:/development/imt_sdk_win_64/imt_sdk_win_64/winavr/bin/../lib/gcc/avr/4.3.3/avr5\libgcc.a(_gt_sf.o)
 .debug_pubnames
                0x000000ab       0x1e c:/development/imt_sdk_win_64/imt_sdk_win_64/winavr/bin/../lib/gcc/avr/4.3.3/avr5\libgcc.a(_ge_sf.o)
 .debug_pubnames
                0x000000c9       0x1e c:/development/imt_sdk_win_64/imt_sdk_win_64/winavr/bin/../lib/gcc/avr/4.3.3/avr5\libgcc.a(_lt_sf.o)
 .debug_pubnames
                0x000000e7       0x20 c:/development/imt_sdk_win_64/imt_sdk_win_64/winavr/bin/../lib/gcc/avr/4.3.3/avr5\libgcc.a(_sf_to_si.o)
 .debug_pubnames
                0x00000107       0x22 c:/development/imt_sdk_win_64/imt_sdk_win_64/winavr/bin/../lib/gcc/avr/4.3.3/avr5\libgcc.a(_thenan_sf.o)
 .debug_pubnames
                0x00000129       0x24 c:/development/imt_sdk_win_64/imt_sdk_win_64/winavr/bin/../lib/gcc/avr/4.3.3/avr5\libgcc.a(_usi_to_sf.o)
 .debug_pubnames
                0x0000014d       0x1f c:/development/imt_sdk_win_64/imt_sdk_win_64/winavr/bin/../lib/gcc/avr/4.3.3/avr5\libgcc.a(_clzsi2.o)
 .debug_pubnames
                0x0000016c       0x1f c:/development/imt_sdk_win_64/imt_sdk_win_64/winavr/bin/../lib/gcc/avr/4.3.3/avr5\libgcc.a(_pack_sf.o)
 .debug_pubnames
                0x0000018b       0x21 c:/development/imt_sdk_win_64/imt_sdk_win_64/winavr/bin/../lib/gcc/avr/4.3.3/avr5\libgcc.a(_unpack_sf.o)
 .debug_pubnames
                0x000001ac       0x26 c:/development/imt_sdk_win_64/imt_sdk_win_64/winavr/bin/../lib/gcc/avr/4.3.3/avr5\libgcc.a(_fpcmp_parts_sf.o)
 .debug_pubnames
                0x000001d2       0x20 c:/development/imt_sdk_win_64/imt_sdk_win_64/winavr/bin/../lib/gcc/avr/4.3.3/avr5\libgcc.a(_clz.o)

.debug_info     0x00000000     0x240b
 *(.debug_info)
 .debug_info    0x00000000       0xb1 c:/development/imt_sdk_win_64/imt_sdk_win_64/winavr/bin/../lib/gcc/avr/4.3.3/avr5\libgcc.a(_fixunssfsi.o)
 .debug_info    0x000000b1      0x47a c:/development/imt_sdk_win_64/imt_sdk_win_64/winavr/bin/../lib/gcc/avr/4.3.3/avr5\libgcc.a(_addsub_sf.o)
 .debug_info    0x0000052b      0x485 c:/development/imt_sdk_win_64/imt_sdk_win_64/winavr/bin/../lib/gcc/avr/4.3.3/avr5\libgcc.a(_mul_sf.o)
 .debug_info    0x000009b0      0x3fc c:/development/imt_sdk_win_64/imt_sdk_win_64/winavr/bin/../lib/gcc/avr/4.3.3/avr5\libgcc.a(_div_sf.o)
 .debug_info    0x00000dac      0x27f c:/development/imt_sdk_win_64/imt_sdk_win_64/winavr/bin/../lib/gcc/avr/4.3.3/avr5\libgcc.a(_gt_sf.o)
 .debug_info    0x0000102b      0x27f c:/development/imt_sdk_win_64/imt_sdk_win_64/winavr/bin/../lib/gcc/avr/4.3.3/avr5\libgcc.a(_ge_sf.o)
 .debug_info    0x000012aa      0x27f c:/development/imt_sdk_win_64/imt_sdk_win_64/winavr/bin/../lib/gcc/avr/4.3.3/avr5\libgcc.a(_lt_sf.o)
 .debug_info    0x00001529      0x2b0 c:/development/imt_sdk_win_64/imt_sdk_win_64/winavr/bin/../lib/gcc/avr/4.3.3/avr5\libgcc.a(_sf_to_si.o)
 .debug_info    0x000017d9      0x12c c:/development/imt_sdk_win_64/imt_sdk_win_64/winavr/bin/../lib/gcc/avr/4.3.3/avr5\libgcc.a(_thenan_sf.o)
 .debug_info    0x00001905      0x206 c:/development/imt_sdk_win_64/imt_sdk_win_64/winavr/bin/../lib/gcc/avr/4.3.3/avr5\libgcc.a(_usi_to_sf.o)
 .debug_info    0x00001b0b      0x117 c:/development/imt_sdk_win_64/imt_sdk_win_64/winavr/bin/../lib/gcc/avr/4.3.3/avr5\libgcc.a(_clzsi2.o)
 .debug_info    0x00001c22      0x2df c:/development/imt_sdk_win_64/imt_sdk_win_64/winavr/bin/../lib/gcc/avr/4.3.3/avr5\libgcc.a(_pack_sf.o)
 .debug_info    0x00001f01      0x251 c:/development/imt_sdk_win_64/imt_sdk_win_64/winavr/bin/../lib/gcc/avr/4.3.3/avr5\libgcc.a(_unpack_sf.o)
 .debug_info    0x00002152      0x210 c:/development/imt_sdk_win_64/imt_sdk_win_64/winavr/bin/../lib/gcc/avr/4.3.3/avr5\libgcc.a(_fpcmp_parts_sf.o)
 .debug_info    0x00002362       0xa9 c:/development/imt_sdk_win_64/imt_sdk_win_64/winavr/bin/../lib/gcc/avr/4.3.3/avr5\libgcc.a(_clz.o)
 *(.gnu.linkonce.wi.*)

.debug_abbrev   0x00000000     0x1386
 *(.debug_abbrev)
 .debug_abbrev  0x00000000       0x5d c:/development/imt_sdk_win_64/imt_sdk_win_64/winavr/bin/../lib/gcc/avr/4.3.3/avr5\libgcc.a(_fixunssfsi.o)
 .debug_abbrev  0x0000005d      0x1ea c:/development/imt_sdk_win_64/imt_sdk_win_64/winavr/bin/../lib/gcc/avr/4.3.3/avr5\libgcc.a(_addsub_sf.o)
 .debug_abbrev  0x00000247      0x21b c:/development/imt_sdk_win_64/imt_sdk_win_64/winavr/bin/../lib/gcc/avr/4.3.3/avr5\libgcc.a(_mul_sf.o)
 .debug_abbrev  0x00000462      0x216 c:/development/imt_sdk_win_64/imt_sdk_win_64/winavr/bin/../lib/gcc/avr/4.3.3/avr5\libgcc.a(_div_sf.o)
 .debug_abbrev  0x00000678      0x15a c:/development/imt_sdk_win_64/imt_sdk_win_64/winavr/bin/../lib/gcc/avr/4.3.3/avr5\libgcc.a(_gt_sf.o)
 .debug_abbrev  0x000007d2      0x15a c:/development/imt_sdk_win_64/imt_sdk_win_64/winavr/bin/../lib/gcc/avr/4.3.3/avr5\libgcc.a(_ge_sf.o)
 .debug_abbrev  0x0000092c      0x15a c:/development/imt_sdk_win_64/imt_sdk_win_64/winavr/bin/../lib/gcc/avr/4.3.3/avr5\libgcc.a(_lt_sf.o)
 .debug_abbrev  0x00000a86      0x17f c:/development/imt_sdk_win_64/imt_sdk_win_64/winavr/bin/../lib/gcc/avr/4.3.3/avr5\libgcc.a(_sf_to_si.o)
 .debug_abbrev  0x00000c05       0xad c:/development/imt_sdk_win_64/imt_sdk_win_64/winavr/bin/../lib/gcc/avr/4.3.3/avr5\libgcc.a(_thenan_sf.o)
 .debug_abbrev  0x00000cb2      0x157 c:/development/imt_sdk_win_64/imt_sdk_win_64/winavr/bin/../lib/gcc/avr/4.3.3/avr5\libgcc.a(_usi_to_sf.o)
 .debug_abbrev  0x00000e09       0xc4 c:/development/imt_sdk_win_64/imt_sdk_win_64/winavr/bin/../lib/gcc/avr/4.3.3/avr5\libgcc.a(_clzsi2.o)
 .debug_abbrev  0x00000ecd      0x1c0 c:/development/imt_sdk_win_64/imt_sdk_win_64/winavr/bin/../lib/gcc/avr/4.3.3/avr5\libgcc.a(_pack_sf.o)
 .debug_abbrev  0x0000108d      0x154 c:/development/imt_sdk_win_64/imt_sdk_win_64/winavr/bin/../lib/gcc/avr/4.3.3/avr5\libgcc.a(_unpack_sf.o)
 .debug_abbrev  0x000011e1      0x13b c:/development/imt_sdk_win_64/imt_sdk_win_64/winavr/bin/../lib/gcc/avr/4.3.3/avr5\libgcc.a(_fpcmp_parts_sf.o)
 .debug_abbrev  0x0000131c       0x6a c:/development/imt_sdk_win_64/imt_sdk_win_64/winavr/bin/../lib/gcc/avr/4.3.3/avr5\libgcc.a(_clz.o)

.debug_line     0x00000000     0x11d6
 *(.debug_line)
 .debug_line    0x00000000       0xa7 c:/development/imt_sdk_win_64/imt_sdk_win_64/winavr/bin/../lib/gcc/avr/4.3.3/avr5\libgcc.a(_fixunssfsi.o)
 .debug_line    0x000000a7      0x2af c:/development/imt_sdk_win_64/imt_sdk_win_64/winavr/bin/../lib/gcc/avr/4.3.3/avr5\libgcc.a(_addsub_sf.o)
 .debug_line    0x00000356      0x239 c:/development/imt_sdk_win_64/imt_sdk_win_64/winavr/bin/../lib/gcc/avr/4.3.3/avr5\libgcc.a(_mul_sf.o)
 .debug_line    0x0000058f      0x1d5 c:/development/imt_sdk_win_64/imt_sdk_win_64/winavr/bin/../lib/gcc/avr/4.3.3/avr5\libgcc.a(_div_sf.o)
 .debug_line    0x00000764       0xd3 c:/development/imt_sdk_win_64/imt_sdk_win_64/winavr/bin/../lib/gcc/avr/4.3.3/avr5\libgcc.a(_gt_sf.o)
 .debug_line    0x00000837       0xd3 c:/development/imt_sdk_win_64/imt_sdk_win_64/winavr/bin/../lib/gcc/avr/4.3.3/avr5\libgcc.a(_ge_sf.o)
 .debug_line    0x0000090a       0xd3 c:/development/imt_sdk_win_64/imt_sdk_win_64/winavr/bin/../lib/gcc/avr/4.3.3/avr5\libgcc.a(_lt_sf.o)
 .debug_line    0x000009dd      0x109 c:/development/imt_sdk_win_64/imt_sdk_win_64/winavr/bin/../lib/gcc/avr/4.3.3/avr5\libgcc.a(_sf_to_si.o)
 .debug_line    0x00000ae6       0x90 c:/development/imt_sdk_win_64/imt_sdk_win_64/winavr/bin/../lib/gcc/avr/4.3.3/avr5\libgcc.a(_thenan_sf.o)
 .debug_line    0x00000b76      0x133 c:/development/imt_sdk_win_64/imt_sdk_win_64/winavr/bin/../lib/gcc/avr/4.3.3/avr5\libgcc.a(_usi_to_sf.o)
 .debug_line    0x00000ca9       0xa5 c:/development/imt_sdk_win_64/imt_sdk_win_64/winavr/bin/../lib/gcc/avr/4.3.3/avr5\libgcc.a(_clzsi2.o)
 .debug_line    0x00000d4e      0x18a c:/development/imt_sdk_win_64/imt_sdk_win_64/winavr/bin/../lib/gcc/avr/4.3.3/avr5\libgcc.a(_pack_sf.o)
 .debug_line    0x00000ed8      0x14b c:/development/imt_sdk_win_64/imt_sdk_win_64/winavr/bin/../lib/gcc/avr/4.3.3/avr5\libgcc.a(_unpack_sf.o)
 .debug_line    0x00001023      0x137 c:/development/imt_sdk_win_64/imt_sdk_win_64/winavr/bin/../lib/gcc/avr/4.3.3/avr5\libgcc.a(_fpcmp_parts_sf.o)
 .debug_line    0x0000115a       0x7c c:/development/imt_sdk_win_64/imt_sdk_win_64/winavr/bin/../lib/gcc/avr/4.3.3/avr5\libgcc.a(_clz.o)

.debug_frame    0x00000000      0x1c0
 *(.debug_frame)
 .debug_frame   0x00000000       0x20 c:/development/imt_sdk_win_64/imt_sdk_win_64/winavr/bin/../lib/gcc/avr/4.3.3/avr5\libgcc.a(_fixunssfsi.o)
 .debug_frame   0x00000020       0x40 c:/development/imt_sdk_win_64/imt_sdk_win_64/winavr/bin/../lib/gcc/avr/4.3.3/avr5\libgcc.a(_addsub_sf.o)
 .debug_frame   0x00000060       0x20 c:/development/imt_sdk_win_64/imt_sdk_win_64/winavr/bin/../lib/gcc/avr/4.3.3/avr5\libgcc.a(_mul_sf.o)
 .debug_frame   0x00000080       0x20 c:/development/imt_sdk_win_64/imt_sdk_win_64/winavr/bin/../lib/gcc/avr/4.3.3/avr5\libgcc.a(_div_sf.o)
 .debug_frame   0x000000a0       0x20 c:/development/imt_sdk_win_64/imt_sdk_win_64/winavr/bin/../lib/gcc/avr/4.3.3/avr5\libgcc.a(_gt_sf.o)
 .debug_frame   0x000000c0       0x20 c:/development/imt_sdk_win_64/imt_sdk_win_64/winavr/bin/../lib/gcc/avr/4.3.3/avr5\libgcc.a(_ge_sf.o)
 .debug_frame   0x000000e0       0x20 c:/development/imt_sdk_win_64/imt_sdk_win_64/winavr/bin/../lib/gcc/avr/4.3.3/avr5\libgcc.a(_lt_sf.o)
 .debug_frame   0x00000100       0x20 c:/development/imt_sdk_win_64/imt_sdk_win_64/winavr/bin/../lib/gcc/avr/4.3.3/avr5\libgcc.a(_sf_to_si.o)
 .debug_frame   0x00000120       0x20 c:/development/imt_sdk_win_64/imt_sdk_win_64/winavr/bin/../lib/gcc/avr/4.3.3/avr5\libgcc.a(_usi_to_sf.o)
 .debug_frame   0x00000140       0x20 c:/development/imt_sdk_win_64/imt_sdk_win_64/winavr/bin/../lib/gcc/avr/4.3.3/avr5\libgcc.a(_clzsi2.o)
 .debug_frame   0x00000160       0x20 c:/development/imt_sdk_win_64/imt_sdk_win_64/winavr/bin/../lib/gcc/avr/4.3.3/avr5\libgcc.a(_pack_sf.o)
 .debug_frame   0x00000180       0x20 c:/development/imt_sdk_win_64/imt_sdk_win_64/winavr/bin/../lib/gcc/avr/4.3.3/avr5\libgcc.a(_unpack_sf.o)
 .debug_frame   0x000001a0       0x20 c:/development/imt_sdk_win_64/imt_sdk_win_64/winavr/bin/../lib/gcc/avr/4.3.3/avr5\libgcc.a(_fpcmp_parts_sf.o)

.debug_str      0x00000000      0x2f6
 *(.debug_str)
 .debug_str     0x00000000       0xbf c:/development/imt_sdk_win_64/imt_sdk_win_64/winavr/bin/../lib/gcc/avr/4.3.3/avr5\libgcc.a(_fixunssfsi.o)
                                 0xfe (size before relaxing)
 .debug_str     0x000000bf      0x14d c:/development/imt_sdk_win_64/imt_sdk_win_64/winavr/bin/../lib/gcc/avr/4.3.3/avr5\libgcc.a(_addsub_sf.o)
                                0x206 (size before relaxing)
 .debug_str     0x0000020c       0x27 c:/development/imt_sdk_win_64/imt_sdk_win_64/winavr/bin/../lib/gcc/avr/4.3.3/avr5\libgcc.a(_mul_sf.o)
                                0x1bf (size before relaxing)
 .debug_str     0x00000233       0x35 c:/development/imt_sdk_win_64/imt_sdk_win_64/winavr/bin/../lib/gcc/avr/4.3.3/avr5\libgcc.a(_div_sf.o)
                                0x1c8 (size before relaxing)
 .debug_str     0x00000268        0x8 c:/development/imt_sdk_win_64/imt_sdk_win_64/winavr/bin/../lib/gcc/avr/4.3.3/avr5\libgcc.a(_gt_sf.o)
                                0x195 (size before relaxing)
 .debug_str     0x00000270        0x8 c:/development/imt_sdk_win_64/imt_sdk_win_64/winavr/bin/../lib/gcc/avr/4.3.3/avr5\libgcc.a(_ge_sf.o)
                                0x195 (size before relaxing)
 .debug_str     0x00000278        0x8 c:/development/imt_sdk_win_64/imt_sdk_win_64/winavr/bin/../lib/gcc/avr/4.3.3/avr5\libgcc.a(_lt_sf.o)
                                0x195 (size before relaxing)
 .debug_str     0x00000280        0xa c:/development/imt_sdk_win_64/imt_sdk_win_64/winavr/bin/../lib/gcc/avr/4.3.3/avr5\libgcc.a(_sf_to_si.o)
                                0x19e (size before relaxing)
 .debug_str     0x00000000      0x103 c:/development/imt_sdk_win_64/imt_sdk_win_64/winavr/bin/../lib/gcc/avr/4.3.3/avr5\libgcc.a(_thenan_sf.o)
 .debug_str     0x0000028a       0x21 c:/development/imt_sdk_win_64/imt_sdk_win_64/winavr/bin/../lib/gcc/avr/4.3.3/avr5\libgcc.a(_usi_to_sf.o)
                                0x177 (size before relaxing)
 .debug_str     0x000002ab       0x20 c:/development/imt_sdk_win_64/imt_sdk_win_64/winavr/bin/../lib/gcc/avr/4.3.3/avr5\libgcc.a(_clzsi2.o)
                                0x111 (size before relaxing)
 .debug_str     0x000002cb       0x10 c:/development/imt_sdk_win_64/imt_sdk_win_64/winavr/bin/../lib/gcc/avr/4.3.3/avr5\libgcc.a(_pack_sf.o)
                                0x19d (size before relaxing)
 .debug_str     0x000002db        0xb c:/development/imt_sdk_win_64/imt_sdk_win_64/winavr/bin/../lib/gcc/avr/4.3.3/avr5\libgcc.a(_unpack_sf.o)
                                0x17f (size before relaxing)
 .debug_str     0x000002e6       0x10 c:/development/imt_sdk_win_64/imt_sdk_win_64/winavr/bin/../lib/gcc/avr/4.3.3/avr5\libgcc.a(_fpcmp_parts_sf.o)
                                0x163 (size before relaxing)
 .debug_str     0x00000000       0xf4 c:/development/imt_sdk_win_64/imt_sdk_win_64/winavr/bin/../lib/gcc/avr/4.3.3/avr5\libgcc.a(_clz.o)

.debug_loc      0x00000000      0x96e
 *(.debug_loc)
 .debug_loc     0x00000000       0x34 c:/development/imt_sdk_win_64/imt_sdk_win_64/winavr/bin/../lib/gcc/avr/4.3.3/avr5\libgcc.a(_fixunssfsi.o)
 .debug_loc     0x00000034      0x32a c:/development/imt_sdk_win_64/imt_sdk_win_64/winavr/bin/../lib/gcc/avr/4.3.3/avr5\libgcc.a(_addsub_sf.o)
 .debug_loc     0x0000035e      0x104 c:/development/imt_sdk_win_64/imt_sdk_win_64/winavr/bin/../lib/gcc/avr/4.3.3/avr5\libgcc.a(_mul_sf.o)
 .debug_loc     0x00000462       0xc0 c:/development/imt_sdk_win_64/imt_sdk_win_64/winavr/bin/../lib/gcc/avr/4.3.3/avr5\libgcc.a(_div_sf.o)
 .debug_loc     0x00000522       0x3c c:/development/imt_sdk_win_64/imt_sdk_win_64/winavr/bin/../lib/gcc/avr/4.3.3/avr5\libgcc.a(_gt_sf.o)
 .debug_loc     0x0000055e       0x3c c:/development/imt_sdk_win_64/imt_sdk_win_64/winavr/bin/../lib/gcc/avr/4.3.3/avr5\libgcc.a(_ge_sf.o)
 .debug_loc     0x0000059a       0x3c c:/development/imt_sdk_win_64/imt_sdk_win_64/winavr/bin/../lib/gcc/avr/4.3.3/avr5\libgcc.a(_lt_sf.o)
 .debug_loc     0x000005d6       0x7e c:/development/imt_sdk_win_64/imt_sdk_win_64/winavr/bin/../lib/gcc/avr/4.3.3/avr5\libgcc.a(_sf_to_si.o)
 .debug_loc     0x00000654       0x4c c:/development/imt_sdk_win_64/imt_sdk_win_64/winavr/bin/../lib/gcc/avr/4.3.3/avr5\libgcc.a(_usi_to_sf.o)
 .debug_loc     0x000006a0       0x94 c:/development/imt_sdk_win_64/imt_sdk_win_64/winavr/bin/../lib/gcc/avr/4.3.3/avr5\libgcc.a(_clzsi2.o)
 .debug_loc     0x00000734      0x13e c:/development/imt_sdk_win_64/imt_sdk_win_64/winavr/bin/../lib/gcc/avr/4.3.3/avr5\libgcc.a(_pack_sf.o)
 .debug_loc     0x00000872       0xac c:/development/imt_sdk_win_64/imt_sdk_win_64/winavr/bin/../lib/gcc/avr/4.3.3/avr5\libgcc.a(_unpack_sf.o)
 .debug_loc     0x0000091e       0x50 c:/development/imt_sdk_win_64/imt_sdk_win_64/winavr/bin/../lib/gcc/avr/4.3.3/avr5\libgcc.a(_fpcmp_parts_sf.o)

.debug_macinfo
 *(.debug_macinfo)
OUTPUT(Saif_9_2.elf elf32-avr)
LOAD linker stubs

.debug_ranges   0x00000000       0x50
 .debug_ranges  0x00000000       0x50 c:/development/imt_sdk_win_64/imt_sdk_win_64/winavr/bin/../lib/gcc/avr/4.3.3/avr5\libgcc.a(_mul_sf.o)
